// Vitest Snapshot v1, https://vitest.dev/guide/snapshot.html

exports[`error page > renders Errorpage correctly 1`] = `
<div>
  <div>
    <h1>
      Error 404 
    </h1>
    <h2>
      page Not found
    </h2>
    <a
      href="/"
    >
      Back Home
    </a>
  </div>
</div>
`;
