// Vitest Snapshot v1, https://vitest.dev/guide/snapshot.html

exports[`Render products page > should render correctly 1`] = `
<div>
  <section
    class="products-section"
  >
    <article
      class="card"
    >
      <div
        class="card-header"
      >
        <img
          alt="google pixel "
          data-testid="product-image"
          src="https://res.cloudinary.com/diqqf3eq2/image/upload/v1583371867/phone-1_gvesln.png"
          width="100%"
        />
      </div>
      <div
        class="card-body"
      >
        <h5>
          google pixel 
        </h5>
        <h5>
           $
          499.99
        </h5>
      </div>
      <div
        class="card-footer"
      >
        <a
          class="btn"
          href="/cart"
        >
          Add to cart
        </a>
      </div>
    </article>
    <article
      class="card"
    >
      <div
        class="card-header"
      >
        <img
          alt="Xiaomi Redmi Note 2"
          data-testid="product-image"
          src="https://res.cloudinary.com/diqqf3eq2/image/upload/v1583368224/phone-3_h2s6fo.png"
          width="100%"
        />
      </div>
      <div
        class="card-body"
      >
        <h5>
          Xiaomi Redmi Note 2
        </h5>
        <h5>
           $
          699.99
        </h5>
      </div>
      <div
        class="card-footer"
      >
        <a
          class="btn"
          href="/cart"
        >
          Add to cart
        </a>
      </div>
    </article>
  </section>
</div>
`;
